
> trstprep-frontend@2.0.0 build
> vite build

[36mvite v6.4.2 [32mbuilding for production...[36m[39m
transforming...
[32m✓[39m 1859 modules transformed.
rendering chunks...
computing gzip size...
[2mdist/[22m[32mindex.html                       [39m[1m[2m  2.26 kB[22m[1m[22m[2m │ gzip:  0.84 kB[22m
[2mdist/[22m[35massets/index-Bg-vwPrY.css        [39m[1m[2m  4.94 kB[22m[1m[22m[2m │ gzip:  1.37 kB[22m
[2mdist/[22m[35massets/index-Bzm1TnqM.css        [39m[1m[2m  7.06 kB[22m[1m[22m[2m │ gzip:  1.83 kB[22m
[2mdist/[22m[35massets/index-BfDILkVf.css        [39m[1m[2m244.45 kB[22m[1m[22m[2m │ gzip: 36.54 kB[22m
[2mdist/[22m[36massets/charts-2U1APeCg.js        [39m[1m[2m  0.10 kB[22m[1m[22m[2m │ gzip:  0.11 kB[22m[2m │ map:   0.10 kB[22m
[2mdist/[22m[36massets/sanitizeHtml-CrBWEC8q.js  [39m[1m[2m  0.18 kB[22m[1m[22m[2m │ gzip:  0.17 kB[22m[2m │ map:   0.98 kB[22m
[2mdist/[22m[36massets/Breadcrumb-7g7GZqSK.js    [39m[1m[2m  0.81 kB[22m[1m[22m[2m │ gzip:  0.49 kB[22m[2m │ map:   2.11 kB[22m
[2mdist/[22m[36massets/ConfirmModal-BDpZumWp.js  [39m[1m[2m  2.53 kB[22m[1m[22m[2m │ gzip:  1.16 kB[22m[2m │ map:   6.28 kB[22m
[2mdist/[22m[36massets/useProPass-C6WOnDDB.js    [39m[1m[2m  2.57 kB[22m[1m[22m[2m │ gzip:  0.99 kB[22m[2m │ map:   9.15 kB[22m
[2mdist/[22m[36massets/SearchBox-Ne-cYRNh.js     [39m[1m[2m  2.65 kB[22m[1m[22m[2m │ gzip:  0.97 kB[22m[2m │ map:   5.90 kB[22m
[2mdist/[22m[36massets/ComingSoon-Br5RDLG5.js    [39m[1m[2m  3.96 kB[22m[1m[22m[2m │ gzip:  1.76 kB[22m[2m │ map:  10.22 kB[22m
[2mdist/[22m[36massets/index-DiBB-pyk.js         [39m[1m[2m  4.38 kB[22m[1m[22m[2m │ gzip:  1.38 kB[22m[2m │ map:   7.93 kB[22m
[2mdist/[22m[36massets/pass-helpers-BcaezEN2.js  [39m[1m[2m 10.71 kB[22m[1m[22m[2m │ gzip:  2.84 kB[22m[2m │ map:  34.37 kB[22m
[2mdist/[22m[36massets/index-3u4Y3UhS.js         [39m[1m[2m 11.40 kB[22m[1m[22m[2m │ gzip:  2.67 kB[22m[2m │ map:  25.98 kB[22m
[2mdist/[22m[36massets/AnimatedHero-C3u9kjK-.js  [39m[1m[2m 12.72 kB[22m[1m[22m[2m │ gzip:  3.56 kB[22m[2m │ map:  27.01 kB[22m
[2mdist/[22m[36massets/index-7wxr4El4.js         [39m[1m[2m 13.81 kB[22m[1m[22m[2m │ gzip:  3.60 kB[22m[2m │ map:  36.71 kB[22m
[2mdist/[22m[36massets/useStages-CGPtBTSs.js     [39m[1m[2m 14.81 kB[22m[1m[22m[2m │ gzip:  4.72 kB[22m[2m │ map:  46.77 kB[22m
[2mdist/[22m[36massets/index-DMQ2OaAu.js         [39m[1m[2m 33.96 kB[22m[1m[22m[2m │ gzip:  7.34 kB[22m[2m │ map:  76.27 kB[22m
[2mdist/[22m[36massets/query-BznBep4B.js         [39m[1m[2m 42.32 kB[22m[1m[22m[2m │ gzip: 12.84 kB[22m[2m │ map: 158.80 kB[22m
[2mdist/[22m[36massets/vendor-QcYYFCNh.js        [39m[1m[2m 54.49 kB[22m[1m[22m[2m │ gzip: 21.31 kB[22m[2m │ map: 237.88 kB[22m
[2mdist/[22m[36massets/ui-CgFc3czU.js            [39m[1m[2m 57.99 kB[22m[1m[22m[2m │ gzip: 11.29 kB[22m[2m │ map: 138.65 kB[22m
[2mdist/[22m[36massets/index-BfjDjQp1.js         [39m[1m[2m113.88 kB[22m[1m[22m[2m │ gzip: 25.85 kB[22m[2m │ map: 266.54 kB[22m
[2mdist/[22m[36massets/index-XRGquI0d.js         [39m[1m[2m135.96 kB[22m[1m[22m[2m │ gzip: 27.27 kB[22m[2m │ map: 304.71 kB[22m
[2mdist/[22m[36massets/index-h90Iwijo.js         [39m[1m[2m161.61 kB[22m[1m[22m[2m │ gzip: 47.19 kB[22m[2m │ map: 583.34 kB[22m
[2mdist/[22m[36massets/index-UXV9sy0a.js         [39m[1m[2m163.47 kB[22m[1m[22m[2m │ gzip: 32.23 kB[22m[2m │ map: 387.87 kB[22m
[2mdist/[22m[36massets/router-E9_YFs3R.js        [39m[1m[2m164.32 kB[22m[1m[22m[2m │ gzip: 53.77 kB[22m[2m │ map: 706.67 kB[22m
[2mdist/[22m[36massets/index-xzOP0T1P.js         [39m[1m[2m255.92 kB[22m[1m[22m[2m │ gzip: 54.00 kB[22m[2m │ map: 643.96 kB[22m
[2mdist/[22m[36massets/index-D9IjFXO9.js         [39m[1m[2m321.49 kB[22m[1m[22m[2m │ gzip: 70.00 kB[22m[2m │ map: 818.09 kB[22m
[32m✓ built in 9.18s[39m
