
> trstprep-frontend@2.1.0 lint
> eslint .


E:\Tech\Testprep\Trstprep V2.1\apps\frontend\src\pages\community\Community.jsx
    18:3   warning  'Share2' is defined but never used. Allowed unused vars must match /^_/u                  no-unused-vars
    26:3   warning  'Sparkles' is defined but never used. Allowed unused vars must match /^_/u                no-unused-vars
    28:3   warning  'Award' is defined but never used. Allowed unused vars must match /^_/u                   no-unused-vars
    30:3   warning  'BookOpen' is defined but never used. Allowed unused vars must match /^_/u                no-unused-vars
    31:3   warning  'Filter' is defined but never used. Allowed unused vars must match /^_/u                  no-unused-vars
   100:69  warning  'refetchDoubts' is assigned a value but never used. Allowed unused vars must match /^_/u  no-unused-vars
   121:69  warning  'refetchGroups' is assigned a value but never used. Allowed unused vars must match /^_/u  no-unused-vars
  1699:36  warning  'user' is defined but never used. Allowed unused args must match /^_/u                    no-unused-vars
  1707:29  warning  'isLoading' is assigned a value but never used. Allowed unused vars must match /^_/u      no-unused-vars

E:\Tech\Testprep\Trstprep V2.1\apps\frontend\src\pages\dashboard\AIStudyPlanner.jsx
  27:9  warning  'localKey' is assigned a value but never used. Allowed unused vars must match /^_/u  no-unused-vars

E:\Tech\Testprep\Trstprep V2.1\apps\frontend\src\pages\dashboard\Analysis.jsx
  11:8   warning  'Star' is defined but never used. Allowed unused vars must match /^_/u                 no-unused-vars
  11:49  warning  'PieChart' is defined but never used. Allowed unused vars must match /^_/u             no-unused-vars
  11:59  warning  'Calendar' is defined but never used. Allowed unused vars must match /^_/u             no-unused-vars
  12:3   warning  'TrendingDown' is defined but never used. Allowed unused vars must match /^_/u         no-unused-vars
  12:17  warning  'Hash' is defined but never used. Allowed unused vars must match /^_/u                 no-unused-vars
  19:10  warning  'seriesData' is assigned a value but never used. Allowed unused vars must match /^_/u  no-unused-vars

E:\Tech\Testprep\Trstprep V2.1\apps\frontend\src\pages\dashboard\AttemptedTests.jsx
   8:3   warning  'Clock' is defined but never used. Allowed unused vars must match /^_/u              no-unused-vars
   9:3   warning  'CheckCircle2' is defined but never used. Allowed unused vars must match /^_/u       no-unused-vars
  10:3   warning  'XCircle' is defined but never used. Allowed unused vars must match /^_/u            no-unused-vars
  14:3   warning  'ChevronRight' is defined but never used. Allowed unused vars must match /^_/u       no-unused-vars
  24:3   warning  'ArrowRight' is defined but never used. Allowed unused vars must match /^_/u         no-unused-vars
  29:9   warning  'navigate' is assigned a value but never used. Allowed unused vars must match /^_/u  no-unused-vars
  35:10  warning  'error' is assigned a value but never used. Allowed unused vars must match /^_/u     no-unused-vars

E:\Tech\Testprep\Trstprep V2.1\apps\frontend\src\pages\dashboard\Bookmarks.jsx
  16:3   warning  'SlidersHorizontal' is defined but never used. Allowed unused vars must match /^_/u    no-unused-vars
  22:3   warning  'ExternalLink' is defined but never used. Allowed unused vars must match /^_/u         no-unused-vars
  23:3   warning  'Layers' is defined but never used. Allowed unused vars must match /^_/u               no-unused-vars
  24:3   warning  'ArrowRight' is defined but never used. Allowed unused vars must match /^_/u           no-unused-vars
  25:3   warning  'Clock' is defined but never used. Allowed unused vars must match /^_/u                no-unused-vars
  26:3   warning  'ShieldCheck' is defined but never used. Allowed unused vars must match /^_/u          no-unused-vars
  27:3   warning  'Check' is defined but never used. Allowed unused vars must match /^_/u                no-unused-vars
  46:10  warning  'totalCount' is assigned a value but never used. Allowed unused vars must match /^_/u  no-unused-vars

E:\Tech\Testprep\Trstprep V2.1\apps\frontend\src\pages\dashboard\Dashboard.jsx
   19:3    warning  'Video' is defined but never used. Allowed unused vars must match /^_/u                       no-unused-vars
   36:48   warning  'clearDashboardCache' is defined but never used. Allowed unused vars must match /^_/u         no-unused-vars
   66:16   warning  'mySeriesScrollRef' is assigned a value but never used. Allowed unused vars must match /^_/u  no-unused-vars
  391:116  warning  Expected '===' and instead saw '=='                                                           eqeqeq
  926:36   warning  '_err' is defined but never used                                                              no-unused-vars

E:\Tech\Testprep\Trstprep V2.1\apps\frontend\src\pages\dashboard\PerformanceInsights.jsx
  27:36  warning  'errorPerf' is assigned a value but never used. Allowed unused vars must match /^_/u  no-unused-vars
  47:43  warning  'errorWeak' is assigned a value but never used. Allowed unused vars must match /^_/u  no-unused-vars
  57:48  warning  'errorRecs' is assigned a value but never used. Allowed unused vars must match /^_/u  no-unused-vars

E:\Tech\Testprep\Trstprep V2.1\apps\frontend\src\pages\dashboard\Settings.jsx
  17:3  warning  'Mail' is defined but never used. Allowed unused vars must match /^_/u         no-unused-vars
  31:3  warning  'BookOpen' is defined but never used. Allowed unused vars must match /^_/u     no-unused-vars
  38:3  warning  'Layers' is defined but never used. Allowed unused vars must match /^_/u       no-unused-vars
  40:3  warning  'ShieldCheck' is defined but never used. Allowed unused vars must match /^_/u  no-unused-vars
  42:3  warning  'Clock' is defined but never used. Allowed unused vars must match /^_/u        no-unused-vars
  44:3  warning  'Zap' is defined but never used. Allowed unused vars must match /^_/u          no-unused-vars

E:\Tech\Testprep\Trstprep V2.1\apps\frontend\src\pages\dashboard\UserLeaderboard.jsx
    1:31   warning  'useMemo' is defined but never used. Allowed unused vars must match /^_/u                    no-unused-vars
  107:17   warning  'setError' is assigned a value but never used. Allowed unused vars must match /^_/u          no-unused-vars
  110:23   warning  'setRankHistory' is assigned a value but never used. Allowed unused vars must match /^_/u    no-unused-vars
  116:25   warning  'setVideosWatched' is assigned a value but never used. Allowed unused vars must match /^_/u  no-unused-vars
  227:9    warning  'formatDate' is assigned a value but never used. Allowed unused vars must match /^_/u        no-unused-vars
  361:34   warning  Expected '!==' and instead saw '!='                                                          eqeqeq
  380:34   warning  Expected '!==' and instead saw '!='                                                          eqeqeq
  409:19   error    Unexpected constant condition                                                                no-constant-condition
  418:12   error    Unexpected constant truthiness on the left-hand side of a `&&` expression                    no-constant-binary-expression
  419:19   warning  'hasData' is assigned a value but never used. Allowed unused vars must match /^_/u           no-unused-vars
  427:20   warning  'ResponsiveContainer' is not defined                                                         no-undef
  429:24   warning  'LineChart' is not defined                                                                   no-undef
  430:26   warning  'CartesianGrid' is not defined                                                               no-undef
  431:26   warning  'XAxis' is not defined                                                                       no-undef
  432:26   warning  'YAxis' is not defined                                                                       no-undef
  433:26   warning  'Tooltip' is not defined                                                                     no-undef
  437:26   warning  'Line' is not defined                                                                        no-undef
  450:20   warning  'ResponsiveContainer' is not defined                                                         no-undef
  452:24   warning  'RadarChart' is not defined                                                                  no-undef
  453:26   warning  'PolarGrid' is not defined                                                                   no-undef
  454:26   warning  'PolarAngleAxis' is not defined                                                              no-undef
  455:26   warning  'Radar' is not defined                                                                       no-undef
  457:28   warning  'Radar' is not defined                                                                       no-undef
  496:87   warning  Expected '!==' and instead saw '!='                                                          eqeqeq
  513:12   error    Unexpected constant truthiness on the left-hand side of a `&&` expression                    no-constant-binary-expression
  514:19   warning  'hasTests' is assigned a value but never used. Allowed unused vars must match /^_/u          no-unused-vars
  522:34   warning  'e' is defined but never used. Allowed unused args must match /^_/u                          no-unused-vars
  566:132  warning  Expected '!==' and instead saw '!='                                                          eqeqeq
  568:86   warning  Expected '!==' and instead saw '!='                                                          eqeqeq
  596:12   error    Unexpected constant truthiness on the left-hand side of a `&&` expression                    no-constant-binary-expression
  597:19   warning  'hasPractice' is assigned a value but never used. Allowed unused vars must match /^_/u       no-unused-vars
  643:12   error    Unexpected constant truthiness on the left-hand side of a `&&` expression                    no-constant-binary-expression
  644:19   warning  'hasVideos' is assigned a value but never used. Allowed unused vars must match /^_/u         no-unused-vars
  689:12   error    Unexpected constant truthiness on the left-hand side of a `&&` expression                    no-constant-binary-expression
  690:19   warning  'hasGlobal' is assigned a value but never used. Allowed unused vars must match /^_/u         no-unused-vars
  710:89   warning  Expected '!==' and instead saw '!='                                                          eqeqeq
  731:91   warning  Expected '!==' and instead saw '!='                                                          eqeqeq

E:\Tech\Testprep\Trstprep V2.1\apps\frontend\src\pages\dashboard\components\QuestionDetailModal.jsx
  1:8  warning  'React' is defined but never used. Allowed unused vars must match /^_/u  no-unused-vars

E:\Tech\Testprep\Trstprep V2.1\apps\frontend\src\pages\public\Pass.jsx
    9:33  warning  'Star' is defined but never used. Allowed unused vars must match /^_/u                         no-unused-vars
   10:16  warning  'Users' is defined but never used. Allowed unused vars must match /^_/u                        no-unused-vars
   12:35  warning  'RefreshCw' is defined but never used. Allowed unused vars must match /^_/u                    no-unused-vars
   13:15  warning  'QrCode' is defined but never used. Allowed unused vars must match /^_/u                       no-unused-vars
   13:59  warning  'Copy' is defined but never used. Allowed unused vars must match /^_/u                         no-unused-vars
   14:3   warning  'CheckCircle' is defined but never used. Allowed unused vars must match /^_/u                  no-unused-vars
   14:23  warning  'Tag' is defined but never used. Allowed unused vars must match /^_/u                          no-unused-vars
   18:10  warning  'apiClient' is defined but never used. Allowed unused vars must match /^_/u                    no-unused-vars
   95:11  warning  'confirm' is assigned a value but never used. Allowed unused vars must match /^_/u             no-unused-vars
   99:10  warning  'purchaseLoading' is assigned a value but never used. Allowed unused vars must match /^_/u     no-unused-vars
   99:27  warning  'setPurchaseLoading' is assigned a value but never used. Allowed unused vars must match /^_/u  no-unused-vars
  173:14  warning  'error' is defined but never used                                                              no-unused-vars

E:\Tech\Testprep\Trstprep V2.1\apps\frontend\src\pages\study\Videos.jsx
   9:3  warning  'Clock' is defined but never used. Allowed unused vars must match /^_/u   no-unused-vars
  20:3  warning  'Filter' is defined but never used. Allowed unused vars must match /^_/u  no-unused-vars

E:\Tech\Testprep\Trstprep V2.1\apps\frontend\src\pages\tests\LiveTests.jsx
    1:40  warning  'useCallback' is defined but never used. Allowed unused vars must match /^_/u            no-unused-vars
   16:3   warning  'SlidersHorizontal' is defined but never used. Allowed unused vars must match /^_/u      no-unused-vars
   18:3   warning  'AlertCircle' is defined but never used. Allowed unused vars must match /^_/u            no-unused-vars
   19:3   warning  'HelpCircle' is defined but never used. Allowed unused vars must match /^_/u             no-unused-vars
   20:3   warning  'BarChart2' is defined but never used. Allowed unused vars must match /^_/u              no-unused-vars
   23:3   warning  'ArrowRight' is defined but never used. Allowed unused vars must match /^_/u             no-unused-vars
   24:3   warning  'ShieldCheck' is defined but never used. Allowed unused vars must match /^_/u            no-unused-vars
   25:3   warning  'Flame' is defined but never used. Allowed unused vars must match /^_/u                  no-unused-vars
   26:3   warning  'Check' is defined but never used. Allowed unused vars must match /^_/u                  no-unused-vars
   30:3   warning  'ChevronRight' is defined but never used. Allowed unused vars must match /^_/u           no-unused-vars
   32:15  warning  'getExams' is defined but never used. Allowed unused vars must match /^_/u               no-unused-vars
   43:3   warning  'checkIsLive' is defined but never used. Allowed unused vars must match /^_/u            no-unused-vars
   45:22  warning  'formatDateRangeShared' is defined but never used. Allowed unused vars must match /^_/u  no-unused-vars
  149:9   warning  The value assigned to 'list' is not used in subsequent statements                        no-useless-assignment

E:\Tech\Testprep\Trstprep V2.1\apps\frontend\src\pages\tests\PracticeLab.jsx
    7:8    warning  'MathRenderer' is defined but never used. Allowed unused vars must match /^_/u         no-unused-vars
    9:8    warning  'KnowledgeVaultModal' is defined but never used. Allowed unused vars must match /^_/u  no-unused-vars
   15:3    warning  'Zap' is defined but never used. Allowed unused vars must match /^_/u                  no-unused-vars
   15:8    warning  'BookOpen' is defined but never used. Allowed unused vars must match /^_/u             no-unused-vars
   15:18   warning  'Target' is defined but never used. Allowed unused vars must match /^_/u               no-unused-vars
   16:3    warning  'Bookmark' is defined but never used. Allowed unused vars must match /^_/u             no-unused-vars
   16:13   warning  'CheckCircle' is defined but never used. Allowed unused vars must match /^_/u          no-unused-vars
   16:26   warning  'XCircle' is defined but never used. Allowed unused vars must match /^_/u              no-unused-vars
   16:35   warning  'RefreshCw' is defined but never used. Allowed unused vars must match /^_/u            no-unused-vars
   17:3    warning  'TrendingUp' is defined but never used. Allowed unused vars must match /^_/u           no-unused-vars
   17:25   warning  'AlertCircle' is defined but never used. Allowed unused vars must match /^_/u          no-unused-vars
   17:55   warning  'Clock' is defined but never used. Allowed unused vars must match /^_/u                no-unused-vars
   18:16   warning  'ShieldCheck' is defined but never used. Allowed unused vars must match /^_/u          no-unused-vars
   18:29   warning  'Lock' is defined but never used. Allowed unused vars must match /^_/u                 no-unused-vars
   18:35   warning  'Gift' is defined but never used. Allowed unused vars must match /^_/u                 no-unused-vars
  735:128  warning  'onResume' is defined but never used. Allowed unused args must match /^_/u             no-unused-vars
  763:9    warning  'goal' is assigned a value but never used. Allowed unused vars must match /^_/u        no-unused-vars

E:\Tech\Testprep\Trstprep V2.1\apps\frontend\src\pages\tests\TestInterface.jsx
    29:3   warning  'X' is defined but never used. Allowed unused vars must match /^_/u         no-unused-vars
    37:17  warning  'CalcIcon' is defined but never used. Allowed unused vars must match /^_/u  no-unused-vars
  1326:14  warning  'AlertCircle' is not defined                                                no-undef

E:\Tech\Testprep\Trstprep V2.1\apps\frontend\src\pages\tests\TestResult.jsx
   28:3   warning  'Award' is defined but never used. Allowed unused vars must match /^_/u                          no-unused-vars
   32:3   warning  'HelpCircle' is defined but never used. Allowed unused vars must match /^_/u                     no-unused-vars
   36:10  warning  'ReattemptOptions' is defined but never used. Allowed unused vars must match /^_/u               no-unused-vars
   52:10  warning  'isProUser' is assigned a value but never used. Allowed unused vars must match /^_/u             no-unused-vars
   55:10  warning  'reportedQuestions' is assigned a value but never used. Allowed unused vars must match /^_/u     no-unused-vars
  402:9   warning  'handleReportQuestion' is assigned a value but never used. Allowed unused vars must match /^_/u  no-unused-vars
  439:9   warning  'sectionTimings' is assigned a value but never used. Allowed unused vars must match /^_/u        no-unused-vars

E:\Tech\Testprep\Trstprep V2.1\apps\frontend\src\pages\tests\TestReview.jsx
  3:113  warning  'Eye' is defined but never used. Allowed unused vars must match /^_/u  no-unused-vars

E:\Tech\Testprep\Trstprep V2.1\apps\frontend\src\pages\tests\components\FundamentalsGym.jsx
   4:15  warning  'Award' is defined but never used. Allowed unused vars must match /^_/u             no-unused-vars
   4:22  warning  'CheckCircle' is defined but never used. Allowed unused vars must match /^_/u       no-unused-vars
   4:35  warning  'XCircle' is defined but never used. Allowed unused vars must match /^_/u           no-unused-vars
   4:74  warning  'BookOpen' is defined but never used. Allowed unused vars must match /^_/u          no-unused-vars
  32:10  warning  'loading' is assigned a value but never used. Allowed unused vars must match /^_/u  no-unused-vars

E:\Tech\Testprep\Trstprep V2.1\apps\frontend\src\pages\tests\components\ImageZoomModal.jsx
  1:8  warning  'React' is defined but never used. Allowed unused vars must match /^_/u  no-unused-vars

E:\Tech\Testprep\Trstprep V2.1\apps\frontend\src\pages\tests\components\PracticeWorkspace.jsx
    6:25  warning  'Lightbulb' is defined but never used. Allowed unused vars must match /^_/u  no-unused-vars
    7:65  warning  'Eye' is defined but never used. Allowed unused vars must match /^_/u        no-unused-vars
   61:7   warning  'toast' is not defined                                                       no-undef
   74:7   warning  'toast' is not defined                                                       no-undef
   88:7   warning  'toast' is not defined                                                       no-undef
   98:7   warning  'toast' is not defined                                                       no-undef
  115:7   warning  'toast' is not defined                                                       no-undef
  117:7   warning  'toast' is not defined                                                       no-undef
  173:12  warning  'MathRenderer' is not defined                                                no-undef
  206:20  warning  'MathRenderer' is not defined                                                no-undef
  271:18  warning  'MathRenderer' is not defined                                                no-undef
  301:20  warning  'MathRenderer' is not defined                                                no-undef
  306:22  warning  'MathRenderer' is not defined                                                no-undef
  338:22  warning  'MathRenderer' is not defined                                                no-undef
  420:37  warning  'MathRenderer' is not defined                                                no-undef

E:\Tech\Testprep\Trstprep V2.1\apps\frontend\src\pages\tests\components\SubmitSummaryModal.jsx
  1:8  warning  'React' is defined but never used. Allowed unused vars must match /^_/u  no-unused-vars

E:\Tech\Testprep\Trstprep V2.1\apps\frontend\src\shared\components\NodeEngineWidget.jsx
  1:8   warning  'React' is defined but never used. Allowed unused vars must match /^_/u          no-unused-vars
  2:27  warning  'Target' is defined but never used. Allowed unused vars must match /^_/u         no-unused-vars
  2:71  warning  'AlertTriangle' is defined but never used. Allowed unused vars must match /^_/u  no-unused-vars

E:\Tech\Testprep\Trstprep V2.1\apps\frontend\src\shared\components\common\VideoPlayer.jsx
    2:146  warning  'EyeOff' is defined but never used. Allowed unused vars must match /^_/u                    no-unused-vars
  224:18   warning  'setVolume' is assigned a value but never used. Allowed unused vars must match /^_/u        no-unused-vars
  225:19   warning  'setIsMuted' is assigned a value but never used. Allowed unused vars must match /^_/u       no-unused-vars
  226:24   warning  'setIsFullscreen' is assigned a value but never used. Allowed unused vars must match /^_/u  no-unused-vars
  610:38   warning  'toggleMute' is not defined                                                                 no-undef
  616:33   warning  'handleVolumeChange' is not defined                                                         no-undef
  652:36   warning  'toggleFullscreen' is not defined                                                           no-undef
  827:36   warning  'toggleMute' is not defined                                                                 no-undef
  833:31   warning  'handleVolumeChange' is not defined                                                         no-undef
  871:34   warning  'toggleFullscreen' is not defined                                                           no-undef

E:\Tech\Testprep\Trstprep V2.1\apps\frontend\src\shared\components\layout\Layout.jsx
  17:17  warning  'loading' is assigned a value but never used. Allowed unused vars must match /^_/u  no-unused-vars

E:\Tech\Testprep\Trstprep V2.1\apps\frontend\src\shared\hooks\useAdaptiveDifficulty.js
  33:22  warning  Expected '!==' and instead saw '!='  eqeqeq
  75:24  warning  Expected '!==' and instead saw '!='  eqeqeq

E:\Tech\Testprep\Trstprep V2.1\apps\frontend\src\shared\lib\enrollment.js
  10:7  warning  'normalizeEnrollmentEntry' is assigned a value but never used. Allowed unused vars must match /^_/u  no-unused-vars

E:\Tech\Testprep\Trstprep V2.1\apps\frontend\src\shared\providers\AuthProvider.jsx
  14:8  warning  'React' is defined but never used. Allowed unused vars must match /^_/u  no-unused-vars

E:\Tech\Testprep\Trstprep V2.1\apps\frontend\src\shared\providers\useAuth.js
  6:15  warning  Expected '===' and instead saw '=='  eqeqeq

✖ 180 problems (6 errors, 174 warnings)

npm error Lifecycle script `lint` failed with error:
npm error code 1
npm error path E:\Tech\Testprep\Trstprep V2.1\apps\frontend
npm error workspace trstprep-frontend@2.1.0
npm error location E:\Tech\Testprep\Trstprep V2.1\apps\frontend
npm error command failed
npm error command C:\WINDOWS\system32\cmd.exe /d /s /c eslint .
