
> trstprep-admin@2.0.0 build
> vite build

[36mvite v6.4.2 [32mbuilding for production...[36m[39m
transforming...
[33msrc/features/admin/analytics-insights/DeepAnalytics.jsx (6:64): "Funnel" is not exported by "../../node_modules/lucide-react/dist/esm/lucide-react.js", imported by "src/features/admin/analytics-insights/DeepAnalytics.jsx".[39m
[32m✓[39m 2521 modules transformed.
rendering chunks...
computing gzip size...
[2mdist/[22m[32mindex.html                                    [39m[1m[2m  0.77 kB[22m[1m[22m[2m │ gzip:   0.41 kB[22m
[2mdist/[22m[35massets/index-DUAyID-a.css                     [39m[1m[2m124.59 kB[22m[1m[22m[2m │ gzip:  19.80 kB[22m
[2mdist/[22m[36massets/SubjectsManager-BsIa384L.js            [39m[1m[2m  0.20 kB[22m[1m[22m[2m │ gzip:   0.18 kB[22m
[2mdist/[22m[36massets/check-COWwoNP9.js                      [39m[1m[2m  0.29 kB[22m[1m[22m[2m │ gzip:   0.25 kB[22m
[2mdist/[22m[36massets/chevron-up-CebR-Wmm.js                 [39m[1m[2m  0.30 kB[22m[1m[22m[2m │ gzip:   0.25 kB[22m
[2mdist/[22m[36massets/chevron-left-BRcQBY5O.js               [39m[1m[2m  0.30 kB[22m[1m[22m[2m │ gzip:   0.25 kB[22m
[2mdist/[22m[36massets/play-C2XZt4fU.js                       [39m[1m[2m  0.30 kB[22m[1m[22m[2m │ gzip:   0.25 kB[22m
[2mdist/[22m[36massets/plus-DkKG8vrQ.js                       [39m[1m[2m  0.32 kB[22m[1m[22m[2m │ gzip:   0.26 kB[22m
[2mdist/[22m[36massets/arrow-up-DTMRgZT_.js                   [39m[1m[2m  0.33 kB[22m[1m[22m[2m │ gzip:   0.26 kB[22m
[2mdist/[22m[36massets/filter-DaKnNCqj.js                     [39m[1m[2m  0.33 kB[22m[1m[22m[2m │ gzip:   0.26 kB[22m
[2mdist/[22m[36massets/arrow-down-CgN3DUhK.js                 [39m[1m[2m  0.33 kB[22m[1m[22m[2m │ gzip:   0.26 kB[22m
[2mdist/[22m[36massets/ban-CS4FagUt.js                        [39m[1m[2m  0.34 kB[22m[1m[22m[2m │ gzip:   0.27 kB[22m
[2mdist/[22m[36massets/clock-DH4qhtei.js                      [39m[1m[2m  0.35 kB[22m[1m[22m[2m │ gzip:   0.28 kB[22m
[2mdist/[22m[36massets/terminal-CRxxheSu.js                   [39m[1m[2m  0.36 kB[22m[1m[22m[2m │ gzip:   0.28 kB[22m
[2mdist/[22m[36massets/circle-check-big-wwokAxCA.js           [39m[1m[2m  0.36 kB[22m[1m[22m[2m │ gzip:   0.28 kB[22m
[2mdist/[22m[36massets/smartphone-DBZp2M64.js                 [39m[1m[2m  0.37 kB[22m[1m[22m[2m │ gzip:   0.29 kB[22m
[2mdist/[22m[36massets/rotate-ccw-BChdW5kd.js                 [39m[1m[2m  0.37 kB[22m[1m[22m[2m │ gzip:   0.29 kB[22m
[2mdist/[22m[36massets/circle-x-Djj46Pko.js                   [39m[1m[2m  0.38 kB[22m[1m[22m[2m │ gzip:   0.28 kB[22m
[2mdist/[22m[36massets/lock-BxIFTHvq.js                       [39m[1m[2m  0.38 kB[22m[1m[22m[2m │ gzip:   0.30 kB[22m
[2mdist/[22m[36massets/tablet-K_HHgibY.js                     [39m[1m[2m  0.38 kB[22m[1m[22m[2m │ gzip:   0.30 kB[22m
[2mdist/[22m[36massets/dollar-sign-CRj5PznB.js                [39m[1m[2m  0.39 kB[22m[1m[22m[2m │ gzip:   0.30 kB[22m
[2mdist/[22m[36massets/target-BuLte9ZQ.js                     [39m[1m[2m  0.40 kB[22m[1m[22m[2m │ gzip:   0.27 kB[22m
[2mdist/[22m[36massets/folder-Cdlwh_lY.js                     [39m[1m[2m  0.40 kB[22m[1m[22m[2m │ gzip:   0.29 kB[22m
[2mdist/[22m[36massets/pen-D7S5rfTy.js                        [39m[1m[2m  0.41 kB[22m[1m[22m[2m │ gzip:   0.31 kB[22m
[2mdist/[22m[36massets/link-2-IWkXg36z.js                     [39m[1m[2m  0.41 kB[22m[1m[22m[2m │ gzip:   0.31 kB[22m
[2mdist/[22m[36massets/globe-Djfmgovg.js                      [39m[1m[2m  0.41 kB[22m[1m[22m[2m │ gzip:   0.30 kB[22m
[2mdist/[22m[36massets/trash-CTH8ah_e.js                      [39m[1m[2m  0.42 kB[22m[1m[22m[2m │ gzip:   0.31 kB[22m
[2mdist/[22m[36massets/arrow-right-left-c_fVliwx.js           [39m[1m[2m  0.42 kB[22m[1m[22m[2m │ gzip:   0.30 kB[22m
[2mdist/[22m[36massets/video-7j9VfSXc.js                      [39m[1m[2m  0.42 kB[22m[1m[22m[2m │ gzip:   0.32 kB[22m
[2mdist/[22m[36massets/external-link-DVkZ4OMc.js              [39m[1m[2m  0.42 kB[22m[1m[22m[2m │ gzip:   0.30 kB[22m
[2mdist/[22m[36massets/link-BFhRbhRM.js                       [39m[1m[2m  0.43 kB[22m[1m[22m[2m │ gzip:   0.30 kB[22m
[2mdist/[22m[36massets/upload-CdJJsEHZ.js                     [39m[1m[2m  0.43 kB[22m[1m[22m[2m │ gzip:   0.32 kB[22m
[2mdist/[22m[36massets/chart-no-axes-column-kh6Ey9Qa.js       [39m[1m[2m  0.43 kB[22m[1m[22m[2m │ gzip:   0.29 kB[22m
[2mdist/[22m[36massets/test-tube-diagonal-BcSQZSP-.js         [39m[1m[2m  0.43 kB[22m[1m[22m[2m │ gzip:   0.31 kB[22m
[2mdist/[22m[36massets/zap-BFri4tmy.js                        [39m[1m[2m  0.43 kB[22m[1m[22m[2m │ gzip:   0.31 kB[22m
[2mdist/[22m[36massets/download-DUDZ1tgb.js                   [39m[1m[2m  0.43 kB[22m[1m[22m[2m │ gzip:   0.32 kB[22m
[2mdist/[22m[36massets/key-BYJcHanH.js                        [39m[1m[2m  0.43 kB[22m[1m[22m[2m │ gzip:   0.32 kB[22m
[2mdist/[22m[36massets/image-DZXyxvIk.js                      [39m[1m[2m  0.44 kB[22m[1m[22m[2m │ gzip:   0.32 kB[22m
[2mdist/[22m[36massets/award-BH5BweaE.js                      [39m[1m[2m  0.44 kB[22m[1m[22m[2m │ gzip:   0.33 kB[22m
[2mdist/[22m[36massets/wifi-C7O2Y84H.js                       [39m[1m[2m  0.45 kB[22m[1m[22m[2m │ gzip:   0.31 kB[22m
[2mdist/[22m[36massets/house-B32XGmhm.js                      [39m[1m[2m  0.46 kB[22m[1m[22m[2m │ gzip:   0.32 kB[22m
[2mdist/[22m[36massets/send-CFgUHksD.js                       [39m[1m[2m  0.46 kB[22m[1m[22m[2m │ gzip:   0.33 kB[22m
[2mdist/[22m[36massets/folder-open-DkePgRf-.js                [39m[1m[2m  0.46 kB[22m[1m[22m[2m │ gzip:   0.32 kB[22m
[2mdist/[22m[36massets/list-tree-CLAcMiRB.js                  [39m[1m[2m  0.47 kB[22m[1m[22m[2m │ gzip:   0.30 kB[22m
[2mdist/[22m[36massets/folder-plus-C2_ZHAfL.js                [39m[1m[2m  0.48 kB[22m[1m[22m[2m │ gzip:   0.33 kB[22m
[2mdist/[22m[36massets/square-pen-CiEHtckY.js                 [39m[1m[2m  0.49 kB[22m[1m[22m[2m │ gzip:   0.34 kB[22m
[2mdist/[22m[36massets/save-hdcsZbz_.js                       [39m[1m[2m  0.50 kB[22m[1m[22m[2m │ gzip:   0.33 kB[22m
[2mdist/[22m[36massets/graduation-cap-jMjkgrJ3.js             [39m[1m[2m  0.50 kB[22m[1m[22m[2m │ gzip:   0.35 kB[22m
[2mdist/[22m[36massets/pin-B7t_D_66.js                        [39m[1m[2m  0.52 kB[22m[1m[22m[2m │ gzip:   0.34 kB[22m
[2mdist/[22m[36massets/clipboard-list-DLymYSqw.js             [39m[1m[2m  0.58 kB[22m[1m[22m[2m │ gzip:   0.36 kB[22m
[2mdist/[22m[36massets/loader-CZg1tJ7n.js                     [39m[1m[2m  0.58 kB[22m[1m[22m[2m │ gzip:   0.34 kB[22m
[2mdist/[22m[36massets/circle-check-B21Ey4OM.js               [39m[1m[2m  0.66 kB[22m[1m[22m[2m │ gzip:   0.35 kB[22m
[2mdist/[22m[36massets/sparkles-CFZTllj1.js                   [39m[1m[2m  0.68 kB[22m[1m[22m[2m │ gzip:   0.40 kB[22m
[2mdist/[22m[36massets/wrench-DTsHW0OJ.js                     [39m[1m[2m  0.73 kB[22m[1m[22m[2m │ gzip:   0.37 kB[22m
[2mdist/[22m[36massets/Breadcrumb-Bubazx3O.js                 [39m[1m[2m  0.77 kB[22m[1m[22m[2m │ gzip:   0.45 kB[22m
[2mdist/[22m[36massets/scroll-text-Byku0KBN.js                [39m[1m[2m  0.80 kB[22m[1m[22m[2m │ gzip:   0.39 kB[22m
[2mdist/[22m[36massets/AdminPageHeader-COy2rduu.js            [39m[1m[2m  0.83 kB[22m[1m[22m[2m │ gzip:   0.43 kB[22m
[2mdist/[22m[36massets/wifi-off-B58C5v6d.js                   [39m[1m[2m  0.88 kB[22m[1m[22m[2m │ gzip:   0.42 kB[22m
[2mdist/[22m[36massets/package-CFvWDxkV.js                    [39m[1m[2m  0.91 kB[22m[1m[22m[2m │ gzip:   0.44 kB[22m
[2mdist/[22m[36massets/circle-play-C3WhtrL2.js                [39m[1m[2m  0.93 kB[22m[1m[22m[2m │ gzip:   0.39 kB[22m
[2mdist/[22m[36massets/grid-3x3-Cs6lLERW.js                   [39m[1m[2m  0.93 kB[22m[1m[22m[2m │ gzip:   0.45 kB[22m
[2mdist/[22m[36massets/unlink-Cjk4i8OC.js                     [39m[1m[2m  0.97 kB[22m[1m[22m[2m │ gzip:   0.46 kB[22m
[2mdist/[22m[36massets/toggle-right-BAD0Eih0.js               [39m[1m[2m  1.37 kB[22m[1m[22m[2m │ gzip:   0.47 kB[22m
[2mdist/[22m[36massets/trending-down-BJlWqW43.js              [39m[1m[2m  2.12 kB[22m[1m[22m[2m │ gzip:   0.69 kB[22m
[2mdist/[22m[36massets/ConfirmModal-CGTLPPQW.js               [39m[1m[2m  2.23 kB[22m[1m[22m[2m │ gzip:   1.05 kB[22m
[2mdist/[22m[36massets/useTestCategories-CRoeZBmJ.js          [39m[1m[2m  2.51 kB[22m[1m[22m[2m │ gzip:   1.08 kB[22m
[2mdist/[22m[36massets/useExamCategories-CT-TCKok.js          [39m[1m[2m  3.82 kB[22m[1m[22m[2m │ gzip:   1.26 kB[22m
[2mdist/[22m[36massets/useUndoToast-DsAsQuYE.js               [39m[1m[2m  5.25 kB[22m[1m[22m[2m │ gzip:   1.90 kB[22m
[2mdist/[22m[36massets/validationSchemas-DT6jTWyB.js          [39m[1m[2m  6.89 kB[22m[1m[22m[2m │ gzip:   1.70 kB[22m
[2mdist/[22m[36massets/FaqManager-ZxihfVME.js                 [39m[1m[2m  7.57 kB[22m[1m[22m[2m │ gzip:   2.22 kB[22m
[2mdist/[22m[36massets/BackupsManager-CQUe7dp9.js             [39m[1m[2m  7.59 kB[22m[1m[22m[2m │ gzip:   2.33 kB[22m
[2mdist/[22m[36massets/ExamCategoriesManager-CdMsirVV.js      [39m[1m[2m  8.21 kB[22m[1m[22m[2m │ gzip:   2.43 kB[22m
[2mdist/[22m[36massets/CurrentAffairsManager-C2O5mR4h.js      [39m[1m[2m  9.74 kB[22m[1m[22m[2m │ gzip:   2.66 kB[22m
[2mdist/[22m[36massets/RecycleBin-XE92CotT.js                 [39m[1m[2m  9.85 kB[22m[1m[22m[2m │ gzip:   3.02 kB[22m
[2mdist/[22m[36massets/BannerManager-BWlBtq4q.js              [39m[1m[2m  9.93 kB[22m[1m[22m[2m │ gzip:   2.85 kB[22m
[2mdist/[22m[36massets/SubscriptionPlansManager-D5aCq4M4.js   [39m[1m[2m 10.44 kB[22m[1m[22m[2m │ gzip:   2.81 kB[22m
[2mdist/[22m[36massets/ComingSoonManager-FeukHrXL.js          [39m[1m[2m 10.53 kB[22m[1m[22m[2m │ gzip:   3.24 kB[22m
[2mdist/[22m[36massets/RolePermissionsManager-DZ6CM_4i.js     [39m[1m[2m 10.63 kB[22m[1m[22m[2m │ gzip:   3.09 kB[22m
[2mdist/[22m[36massets/LeaderboardResultsUnified-CFF6jjzs.js  [39m[1m[2m 11.56 kB[22m[1m[22m[2m │ gzip:   3.59 kB[22m
[2mdist/[22m[36massets/DeepAnalytics-C6Rrtu0D.js              [39m[1m[2m 12.00 kB[22m[1m[22m[2m │ gzip:   3.21 kB[22m
[2mdist/[22m[36massets/VideosManager-puG8NP7R.js              [39m[1m[2m 12.19 kB[22m[1m[22m[2m │ gzip:   3.51 kB[22m
[2mdist/[22m[36massets/ResultsManager-FK6fqS_I.js             [39m[1m[2m 12.29 kB[22m[1m[22m[2m │ gzip:   2.94 kB[22m
[2mdist/[22m[36massets/NavigationManager-IzRtzYCu.js          [39m[1m[2m 12.73 kB[22m[1m[22m[2m │ gzip:   3.33 kB[22m
[2mdist/[22m[36massets/TagConfigsManager-CqwNRUYV.js          [39m[1m[2m 13.00 kB[22m[1m[22m[2m │ gzip:   3.65 kB[22m
[2mdist/[22m[36massets/ActiveSessionsManager-D-66ssJO.js      [39m[1m[2m 13.39 kB[22m[1m[22m[2m │ gzip:   4.18 kB[22m
[2mdist/[22m[36massets/SystemHealthMonitor-BbWxInDz.js        [39m[1m[2m 13.48 kB[22m[1m[22m[2m │ gzip:   3.34 kB[22m
[2mdist/[22m[36massets/TopicsManager-DrWcWpXq.js              [39m[1m[2m 14.78 kB[22m[1m[22m[2m │ gzip:   3.56 kB[22m
[2mdist/[22m[36massets/NotificationsManager-3d312uIs.js       [39m[1m[2m 14.94 kB[22m[1m[22m[2m │ gzip:   3.90 kB[22m
[2mdist/[22m[36massets/AuditTrailManager-Ia0WztUa.js          [39m[1m[2m 14.96 kB[22m[1m[22m[2m │ gzip:   3.76 kB[22m
[33m
(!) Some chunks are larger than 500 kB after minification. Consider:
- Using dynamic import() to code-split the application
- Use build.rollupOptions.output.manualChunks to improve chunking: https://rollupjs.org/configuration-options/#output-manualchunks
[2mdist/[22m[36massets/UserActivityLog-BaKpfM0p.js            [39m[1m[2m 15.33 kB[22m[1m[22m[2m │ gzip:   4.26 kB[22m
[2mdist/[22m[36massets/MediaLibrary-BPH-xvkO.js               [39m[1m[2m 15.34 kB[22m[1m[22m[2m │ gzip:   3.81 kB[22m
[2mdist/[22m[36massets/SubjectRelationsManager-CQ8eA-1k.js    [39m[1m[2m 15.53 kB[22m[1m[22m[2m │ gzip:   4.27 kB[22m
- Adjust chunk size limit for this warning via build.chunkSizeWarningLimit.[39m
[2mdist/[22m[36massets/CouponsManager-jMOHhxfW.js             [39m[1m[2m 15.54 kB[22m[1m[22m[2m │ gzip:   3.82 kB[22m
[2mdist/[22m[36massets/ExamSeasonsManager-Bu_JIni2.js         [39m[1m[2m 15.60 kB[22m[1m[22m[2m │ gzip:   3.73 kB[22m
[2mdist/[22m[36massets/EnrollmentsManager-BfMqq3pJ.js         [39m[1m[2m 17.38 kB[22m[1m[22m[2m │ gzip:   4.04 kB[22m
[2mdist/[22m[36massets/StudyMaterialsManager-DTM7n8mO.js      [39m[1m[2m 17.66 kB[22m[1m[22m[2m │ gzip:   4.62 kB[22m
[2mdist/[22m[36massets/ExamInfoManager-BLuDdh0m.js            [39m[1m[2m 19.35 kB[22m[1m[22m[2m │ gzip:   4.79 kB[22m
[2mdist/[22m[36massets/PromotionManager-v4EwRPdL.js           [39m[1m[2m 20.31 kB[22m[1m[22m[2m │ gzip:   4.37 kB[22m
[2mdist/[22m[36massets/AdminAnalytics-CH0mszln.js             [39m[1m[2m 23.34 kB[22m[1m[22m[2m │ gzip:   4.98 kB[22m
[2mdist/[22m[36massets/QuizzesManager-yZ_rJQTX.js             [39m[1m[2m 23.35 kB[22m[1m[22m[2m │ gzip:   5.44 kB[22m
[2mdist/[22m[36massets/TestSeriesManager-BcdBO7I_.js          [39m[1m[2m 26.01 kB[22m[1m[22m[2m │ gzip:   6.99 kB[22m
[2mdist/[22m[36massets/UsersManager-ClWSz2YL.js               [39m[1m[2m 27.86 kB[22m[1m[22m[2m │ gzip:   7.02 kB[22m
[2mdist/[22m[36massets/SectionsManager-BQfvhKvD.js            [39m[1m[2m 28.05 kB[22m[1m[22m[2m │ gzip:   6.31 kB[22m
[2mdist/[22m[36massets/AdminDashboard-CB9AU1yy.js             [39m[1m[2m 30.68 kB[22m[1m[22m[2m │ gzip:   5.69 kB[22m
[2mdist/[22m[36massets/AdminSettings-ov37ys7x.js              [39m[1m[2m 34.83 kB[22m[1m[22m[2m │ gzip:   6.23 kB[22m
[2mdist/[22m[36massets/EmailTemplatesManager-10vprOh6.js      [39m[1m[2m 36.52 kB[22m[1m[22m[2m │ gzip:  12.76 kB[22m
[2mdist/[22m[36massets/ContentManagement-BAKHzs5v.js          [39m[1m[2m 40.95 kB[22m[1m[22m[2m │ gzip:   7.86 kB[22m
[2mdist/[22m[36massets/PracticeQuestionsManager-C32qucak.js   [39m[1m[2m 43.53 kB[22m[1m[22m[2m │ gzip:  10.05 kB[22m
[2mdist/[22m[36massets/StagesManager-onmbsQ0J.js              [39m[1m[2m 43.99 kB[22m[1m[22m[2m │ gzip:   9.19 kB[22m
[2mdist/[22m[36massets/CategoriesManager-BKrQX-Wd.js          [39m[1m[2m 44.78 kB[22m[1m[22m[2m │ gzip:  11.31 kB[22m
[2mdist/[22m[36massets/CurriculumBuilder-ClaVpqJQ.js          [39m[1m[2m 46.45 kB[22m[1m[22m[2m │ gzip:  12.03 kB[22m
[2mdist/[22m[36massets/utils-C-kJwHNY.js                      [39m[1m[2m 54.45 kB[22m[1m[22m[2m │ gzip:  21.27 kB[22m
[2mdist/[22m[36massets/TestsManager-BIaXOVFH.js               [39m[1m[2m 64.24 kB[22m[1m[22m[2m │ gzip:  15.99 kB[22m
[2mdist/[22m[36massets/schemas-Cpg7W8uv.js                    [39m[1m[2m 69.43 kB[22m[1m[22m[2m │ gzip:  18.61 kB[22m
[2mdist/[22m[36massets/QuestionsManager-DjbssWJP.js           [39m[1m[2m 88.33 kB[22m[1m[22m[2m │ gzip:  21.72 kB[22m
[2mdist/[22m[36massets/vendor-B3Sn2hz5.js                     [39m[1m[2m164.29 kB[22m[1m[22m[2m │ gzip:  53.75 kB[22m
[2mdist/[22m[36massets/index-Cogq3J78.js                      [39m[1m[2m167.32 kB[22m[1m[22m[2m │ gzip:  47.90 kB[22m
[2mdist/[22m[36massets/charts-_ahDxbbw.js                     [39m[1m[2m432.42 kB[22m[1m[22m[2m │ gzip: 114.61 kB[22m
[2mdist/[22m[36massets/iconResolver-B_zLb1sr.js               [39m[1m[33m731.97 kB[39m[22m[2m │ gzip: 130.77 kB[22m
[32m✓ built in 17.80s[39m
